==========================================
TabGNN GPU训练
==========================================
数据集: crime
训练轮数: 50
批次大小: 256
隐藏层维度: 128
GNN层数: 3
设备: cuda:1
==========================================

============================================================
GNN模型训练
============================================================
数据集: crime
模型: GCN
训练轮数: 50
批次大小: 256
隐藏层维度: 128
GNN层数: 3
============================================================

任务类型: regression

1. 加载数据集: crime
   ✓ 数据集加载成功，共 1994 个样本
   ✓ 连接键: ['feature119', 'feature120', 'feature121']
   ✓ 训练集: 1595 个样本
   ✓ 测试集: 399 个样本

2. 创建数据加载器
   [DEBUG] 创建collator...
   [DEBUG] Collator创建成功（device=cuda:1），创建DataLoader...
   [DEBUG] pin_memory=False (collator_device=cuda:1, device=cuda:1)
   ✓ 数据加载器创建成功，训练集batch数: 7, 测试集batch数: 2

3. 初始化模型
   ✓ 模型初始化成功
   ✓ 模型参数数量: 194,581

4. 开始训练（50个epoch）
Epoch 1/50: Train Loss: 0.9749 (0.26min) | Test Loss: 0.3821, Test RMSE: 0.6381 (0.06min) *
Epoch 2/50: Train Loss: 0.9237 (0.25min) | Test Loss: 0.3722, Test RMSE: 0.6300 (0.06min) *
Epoch 3/50: Train Loss: 0.9004 (0.25min) | Test Loss: 0.3700, Test RMSE: 0.6278 (0.06min) *
Epoch 4/50: Train Loss: 0.9659 (0.25min) | Test Loss: 0.3666, Test RMSE: 0.6235 (0.06min) *
Epoch 5/50: Train Loss: 1.0005 (0.25min) | Test Loss: 0.3647, Test RMSE: 0.6175 (0.06min) *
Epoch 6/50: Train Loss: 0.9131 (0.25min) | Test Loss: 0.3624, Test RMSE: 0.6069 (0.06min) *
Epoch 7/50: Train Loss: 0.8396 (0.25min) | Test Loss: 0.3664, Test RMSE: 0.5983 (0.06min) *
Epoch 8/50: Train Loss: 0.8330 (0.25min) | Test Loss: 0.3780, Test RMSE: 0.5944 (0.06min) *
Epoch 9/50: Train Loss: 0.9968 (0.25min) | Test Loss: 0.3927, Test RMSE: 0.5947 (0.06min)
Epoch 10/50: Train Loss: 0.8028 (0.25min) | Test Loss: 0.4194, Test RMSE: 0.6096 (0.06min)
Epoch 11/50: Train Loss: 0.8234 (0.25min) | Test Loss: 0.4553, Test RMSE: 0.6228 (0.06min)
Epoch 12/50: Train Loss: 0.7700 (0.25min) | Test Loss: 0.4809, Test RMSE: 0.6207 (0.06min)
Epoch 13/50: Train Loss: 0.8132 (0.25min) | Test Loss: 0.5123, Test RMSE: 0.6311 (0.06min)
Epoch 14/50: Train Loss: 0.8113 (0.25min) | Test Loss: 0.4977, Test RMSE: 0.6213 (0.06min)
Epoch 15/50: Train Loss: 0.7382 (0.25min) | Test Loss: 0.5000, Test RMSE: 0.6227 (0.06min)
Epoch 16/50: Train Loss: 0.7151 (0.25min) | Test Loss: 0.5218, Test RMSE: 0.6267 (0.06min)
Epoch 17/50: Train Loss: 0.8618 (0.25min) | Test Loss: 0.5150, Test RMSE: 0.6269 (0.06min)
Epoch 18/50: Train Loss: 0.7314 (0.25min) | Test Loss: 0.5224, Test RMSE: 0.6332 (0.06min)
Epoch 19/50: Train Loss: 0.7186 (0.25min) | Test Loss: 0.5259, Test RMSE: 0.6320 (0.06min)
Epoch 20/50: Train Loss: 0.8193 (0.25min) | Test Loss: 0.5289, Test RMSE: 0.6186 (0.06min)
Epoch 21/50: Train Loss: 0.7394 (0.25min) | Test Loss: 0.5195, Test RMSE: 0.6187 (0.06min)
Epoch 22/50: Train Loss: 0.7129 (0.25min) | Test Loss: 0.5198, Test RMSE: 0.6158 (0.06min)
Epoch 23/50: Train Loss: 0.6909 (0.25min) | Test Loss: 0.5267, Test RMSE: 0.6048 (0.06min)
Epoch 24/50: Train Loss: 0.7174 (0.24min) | Test Loss: 0.5205, Test RMSE: 0.6079 (0.05min)
Epoch 25/50: Train Loss: 0.6789 (0.25min) | Test Loss: 0.5104, Test RMSE: 0.6010 (0.06min)
Epoch 26/50: Train Loss: 0.7500 (0.25min) | Test Loss: 0.5060, Test RMSE: 0.5979 (0.06min)
Epoch 27/50: Train Loss: 0.7939 (0.25min) | Test Loss: 0.4955, Test RMSE: 0.5905 (0.06min) *
Epoch 28/50: Train Loss: 0.7306 (0.24min) | Test Loss: 0.5060, Test RMSE: 0.5990 (0.06min)
Epoch 29/50: Train Loss: 0.6377 (0.25min) | Test Loss: 0.5130, Test RMSE: 0.5968 (0.06min)
Epoch 30/50: Train Loss: 0.7807 (0.25min) | Test Loss: 0.5167, Test RMSE: 0.6081 (0.06min)
Epoch 31/50: Train Loss: 0.6944 (0.25min) | Test Loss: 0.5296, Test RMSE: 0.6078 (0.06min)
Epoch 32/50: Train Loss: 0.6994 (0.25min) | Test Loss: 0.5021, Test RMSE: 0.6075 (0.06min)
Epoch 33/50: Train Loss: 0.7326 (0.25min) | Test Loss: 0.4990, Test RMSE: 0.5984 (0.06min)
Epoch 34/50: Train Loss: 0.6854 (0.25min) | Test Loss: 0.4955, Test RMSE: 0.5916 (0.06min)
Epoch 35/50: Train Loss: 0.6783 (0.25min) | Test Loss: 0.5096, Test RMSE: 0.5928 (0.06min)
Epoch 36/50: Train Loss: 0.7011 (0.25min) | Test Loss: 0.4998, Test RMSE: 0.6053 (0.06min)
Epoch 37/50: Train Loss: 0.6689 (0.25min) | Test Loss: 0.5131, Test RMSE: 0.6029 (0.06min)
Epoch 38/50: Train Loss: 0.7221 (0.25min) | Test Loss: 0.5106, Test RMSE: 0.5986 (0.06min)
Epoch 39/50: Train Loss: 0.6321 (0.25min) | Test Loss: 0.5091, Test RMSE: 0.5951 (0.06min)
Epoch 40/50: Train Loss: 0.6852 (0.25min) | Test Loss: 0.5023, Test RMSE: 0.5911 (0.06min)
Epoch 41/50: Train Loss: 0.7356 (0.24min) | Test Loss: 0.5077, Test RMSE: 0.5873 (0.06min) *
Epoch 42/50: Train Loss: 0.6668 (0.25min) | Test Loss: 0.5237, Test RMSE: 0.5872 (0.06min) *
Epoch 43/50: Train Loss: 0.6542 (0.25min) | Test Loss: 0.5268, Test RMSE: 0.5911 (0.05min)
Epoch 44/50: Train Loss: 0.6218 (0.25min) | Test Loss: 0.5314, Test RMSE: 0.5871 (0.06min) *
Epoch 45/50: Train Loss: 0.6427 (0.25min) | Test Loss: 0.5305, Test RMSE: 0.5831 (0.06min) *
Epoch 46/50: Train Loss: 0.7443 (0.25min) | Test Loss: 0.5195, Test RMSE: 0.5843 (0.06min)
Epoch 47/50: Train Loss: 0.7178 (0.25min) | Test Loss: 0.5036, Test RMSE: 0.5771 (0.06min) *
Epoch 48/50: Train Loss: 0.7242 (0.25min) | Test Loss: 0.4943, Test RMSE: 0.5762 (0.06min) *
Epoch 49/50: Train Loss: 0.7036 (0.25min) | Test Loss: 0.5086, Test RMSE: 0.5801 (0.06min)
Epoch 50/50: Train Loss: 0.7391 (0.25min) | Test Loss: 0.5036, Test RMSE: 0.5782 (0.06min)

============================================================
✓ 训练完成！
✓ 最佳测试RMSE: 0.5762
============================================================
