==========================================
TabGNN GPU训练
==========================================
数据集: meps
训练轮数: 40
批次大小: 512
隐藏层维度: 64
GNN层数: 2
设备: cuda:2
==========================================

============================================================
GNN模型训练
============================================================
数据集: meps
模型: GCN
训练轮数: 40
批次大小: 512
隐藏层维度: 64
GNN层数: 2
============================================================

任务类型: regression

1. 加载数据集: meps
   ✓ 数据集加载成功，共 48982 个样本
   ✓ 连接键: ['feature1', 'feature5', 'feature6', 'feature7', 'feature8', 'feature9', 'feature10', 'feature11', 'feature12', 'feature13', 'feature14', 'feature15', 'feature16', 'feature17', 'feature18', 'feature19', 'feature20', 'feature21', 'feature22', 'feature23', 'feature24', 'feature25', 'feature26', 'feature27', 'feature28', 'feature29', 'feature30', 'feature31', 'feature32', 'feature33', 'feature34', 'feature35', 'feature36', 'feature37', 'feature38', 'feature39', 'feature40', 'feature41', 'feature42', 'feature43', 'feature44', 'feature45', 'feature46', 'feature47', 'feature48', 'feature49', 'feature50', 'feature51', 'feature52', 'feature53', 'feature54', 'feature55', 'feature56', 'feature57', 'feature58', 'feature59', 'feature60', 'feature61', 'feature62', 'feature63', 'feature64', 'feature65', 'feature66', 'feature67', 'feature68', 'feature69', 'feature70', 'feature71', 'feature72', 'feature73', 'feature74', 'feature75', 'feature76', 'feature77', 'feature78', 'feature79', 'feature80', 'feature81', 'feature82', 'feature83', 'feature84', 'feature85', 'feature86', 'feature87', 'feature88', 'feature89', 'feature90', 'feature91', 'feature92', 'feature93', 'feature94', 'feature95', 'feature96', 'feature97', 'feature98', 'feature99', 'feature100', 'feature101', 'feature102', 'feature103', 'feature104', 'feature105', 'feature106', 'feature107', 'feature108', 'feature109', 'feature110', 'feature111', 'feature112', 'feature113', 'feature114', 'feature115', 'feature116', 'feature117', 'feature118', 'feature119', 'feature120', 'feature121', 'feature122', 'feature123', 'feature124', 'feature125', 'feature126', 'feature127', 'feature128', 'feature129', 'feature130', 'feature131', 'feature132', 'feature133', 'feature134', 'feature135', 'feature136', 'feature137']
   ✓ 训练集: 39185 个样本
   ✓ 测试集: 9797 个样本

2. 创建数据加载器
   [DEBUG] 创建collator...
   [DEBUG] Collator创建成功（device=cuda:2），创建DataLoader...
   [DEBUG] pin_memory=False (collator_device=cuda:2, device=cuda:2)
   ✓ 数据加载器创建成功，训练集batch数: 77, 测试集batch数: 20

3. 初始化模型
   ✓ 模型初始化成功
   ✓ 模型参数数量: 63,876

4. 开始训练（40个epoch）
  Batch 20/77: Loss=0.8553, Acc=0.0000
  Batch 40/77: Loss=0.8780, Acc=0.0000
  Batch 60/77: Loss=0.8476, Acc=0.0000
Epoch 1/40: Train Loss: 0.8281 (112.53min) | Test Loss: 1.0428, Test RMSE: 0.8566 (14.37min) *
  Batch 20/77: Loss=0.8548, Acc=0.0000
  Batch 40/77: Loss=0.7437, Acc=0.0000
  Batch 60/77: Loss=0.7318, Acc=0.0000
Epoch 2/40: Train Loss: 0.7488 (110.56min) | Test Loss: 1.0583, Test RMSE: 0.8487 (14.01min) *
  Batch 20/77: Loss=0.6362, Acc=0.0000
  Batch 40/77: Loss=0.6769, Acc=0.0000
  Batch 60/77: Loss=0.6954, Acc=0.0000
Epoch 3/40: Train Loss: 0.7049 (111.27min) | Test Loss: 1.0481, Test RMSE: 0.8468 (14.30min) *
  Batch 20/77: Loss=0.7103, Acc=0.0000
  Batch 40/77: Loss=0.6543, Acc=0.0000
  Batch 60/77: Loss=0.6961, Acc=0.0000
Epoch 4/40: Train Loss: 0.6856 (111.70min) | Test Loss: 1.0482, Test RMSE: 0.8619 (14.36min)
  Batch 20/77: Loss=0.8054, Acc=0.0000
  Batch 40/77: Loss=0.7352, Acc=0.0000
  Batch 60/77: Loss=0.7138, Acc=0.0000
Epoch 5/40: Train Loss: 0.6955 (112.28min) | Test Loss: 1.0776, Test RMSE: 0.8501 (14.32min)
  Batch 20/77: Loss=0.7903, Acc=0.0000
  Batch 40/77: Loss=0.7497, Acc=0.0000
  Batch 60/77: Loss=0.6997, Acc=0.0000
Epoch 6/40: Train Loss: 0.6851 (112.64min) | Test Loss: 1.0438, Test RMSE: 0.8520 (14.53min)
  Batch 20/77: Loss=0.6891, Acc=0.0000
  Batch 40/77: Loss=0.6412, Acc=0.0000
  Batch 60/77: Loss=0.6664, Acc=0.0000
