==========================================
TabGNN GPU训练
==========================================
数据集: diamonds
训练轮数: 20
批次大小: 32
隐藏层维度: 64
GNN层数: 3
设备: cuda:0
==========================================

============================================================
GNN模型训练
============================================================
数据集: diamonds
模型: GCN
训练轮数: 20
批次大小: 32
隐藏层维度: 64
GNN层数: 3
============================================================

任务类型: regression

1. 加载数据集: diamonds
  警告: 未找到分类特征作为连接键，将使用所有特征进行相似性连接
